     1                                  ; Реализовать присваивание b = a; (не более двух команд) при условии:
     2                                  ; char a; short b
     3                                  
     4                                  global _main
     5                                  
     6                                  default rel
     7                                  
     8                                  extern _printf
     9                                  
    10                                  section .data
    11 00000000 FF                      a               db      -1
    12 00000001 78000000                b               dd      120
    13 00000005 25640A00                output_format   db      "%d", 0xA, 0x0
    14                                  
    15                                  section .text
    16                                  
    17                                  _main:
    18 00000000 55                          push    rbp                     ; save stack
    19                                  
    20 00000001 0FBE05(00000000)            movsx           eax, byte [a]
    21 00000008 8905(01000000)              mov             [b], eax
    22                                  
    23                                      ; print
    24 0000000E 48BF-                       mov             rdi, output_format
    24 00000010 [0500000000000000] 
    25 00000018 488B35(01000000)            mov             rsi, [b]
    26 0000001F B800000000                  mov             rax, 0          ; no floating point
    27 00000024 E8(00000000)                call            _printf         ; printf(“%d   %d\n”, x, *xp);
    28                                    
    29 00000029 5D                          pop	rbp                         ; restore stack
    30 0000002A C3                          ret                             ; exit
    31                                  
    32                                  
    33                                   
